
============================================================
馃殌 TG ONE 鏈湴 CI 寮€濮嬫墽琛?
============================================================
馃搵 鎬诲叡 2 涓鏌ユ楠?
馃搧 宸ヤ綔鐩綍: C:\Users\lihuo\Desktop\閲嶆瀯\TG ONE
============================================================

============================================================
馃攧 [1/2] (50%) 姝ｅ湪鎵ц: 鏋舵瀯瀹堝崼 (鍒嗗眰涓庝緷璧?
============================================================
姝ｅ湪鎵弿鏋舵瀯杩濊锛欳:\Users\lihuo\Desktop\閲嶆瀯\TG ONE...

鉁?鏋舵瀯楠岃瘉閫氳繃锛佹湭鍙戠幇鍒嗗眰杩濊銆?

鉁?鏋舵瀯妫€鏌ラ€氳繃 (鑰楁椂: 0.28s)

============================================================
馃攧 [2/2] (100%) 姝ｅ湪鎵ц: 浠ｇ爜璐ㄩ噺 (GitHub Flake8 Mode)
============================================================
馃憠 闃舵 1: 妫€鏌ヤ弗閲嶉敊璇?(璇硶閿欒, 鏈畾涔夊悕绉?...
.\core\config\__init__.py:290:33: F821 undefined name 'os'
        default_factory=lambda: os.getenv("USERNAME", "Administrator"),
                                ^
.\services\network\api_optimization_config.py:8:10: F821 undefined name 'logging'
logger = logging.getLogger(__name__)
         ^
.\web_admin\routers\settings_router.py:170:55: F821 undefined name 'Optional'
                if field_type == int or field_type == Optional[int]:
                                                      ^
.\web_admin\routers\settings_router.py:176:58: F821 undefined name 'Optional'
                elif field_type == bool or field_type == Optional[bool]:
                                                         ^
.\web_admin\routers\settings_router.py:179:59: F821 undefined name 'Optional'
                elif field_type == float or field_type == Optional[float]:
                                                          ^
.\web_admin\routers\stats_router.py:207:23: F821 undefined name 'Path'
            db_path = Path(settings.DB_PATH)
                      ^
6     F821 undefined name 'os'
6

鉂?GitHub Flake8 Critical Check 澶辫触 (鑰楁椂: 1.37s)
馃挕 杩欎簺閿欒浼氬鑷?GitHub CI 鏋勫缓澶辫触锛屽繀椤讳慨澶嶃€?

============================================================
馃搳 鎵ц鎽樿
============================================================
姝ラ              鐘舵€?        鑰楁椂        
------------------------------------------------------------
鏋舵瀯妫€鏌?           鉁?閫氳繃         0.28s
浠ｇ爜璐ㄩ噺            鉂?澶辫触         1.37s
------------------------------------------------------------
鎬昏                           1.66s
============================================================

馃洃 鏈湴 CI 澶辫触 - 璇峰湪鎺ㄩ€佸墠淇閿欒 馃洃
